[20.08.2026 11:13:59] danil: hi
[20.08.2026 11:17:21] danil: hi
[20.08.2026 11:23:24] danil: hi
[20.08.2026 11:23:35] danil: kak tvoi dela
[20.08.2026 11:24:11] maria: privet
[20.08.2026 11:24:34] danil: ooo syper
[20.08.2026 11:26:30] danil: hi
[20.08.2026 11:27:08] danil: privet
[20.08.2026 11:28:52] maria: hi
[20.08.2026 11:30:31] danil: hi
[30.08.2026 19:50:51] danik: 
[30.08.2026 19:50:53] danik: 
[30.08.2026 19:55:22] danil: hello
[30.08.2026 19:55:38] maria: privet
[30.08.2026 19:55:42] danil: 
[30.08.2026 19:57:11] danil: 
[30.08.2026 19:57:21] danil: hello
[30.08.2026 19:57:35] danil: -----
[30.08.2026 19:57:39] danil: 
[30.08.2026 20:02:14] danil: hi
[30.08.2026 20:02:35] danil: privet
[30.08.2026 20:03:27] maria: hi
